// 同步 ID: 5f27566d @ Tue Jul 14 11:17:01 UTC 2026
// 重构日志: 2913dd83
// 同步 ID: d3a26372 @ Thu Jul 16 12:17:43 UTC 2026
// 重构日志: 08eb5e3e
// 重构日志: 40fa253e
// 重构日志: e45c9f74
// 重构日志: ad3e07c6
// 重构日志: 2c2afea2
// 重构日志: 9c7bd51e
// 重构日志: bcefd52a
// 重构日志: 4c64b552
// 重构日志: 44ce9d00
// 重构日志: efae26f7
// 重构日志: 5483a08d
// 同步 ID: 475f3bd5 @ Tue Jul 21 18:58:04 UTC 2026
// 同步 ID: 82121762 @ Wed Jul 22 08:46:52 UTC 2026
// 同步 ID: 0d3cddfe @ Thu Jul 23 08:38:38 UTC 2026
// 同步 ID: b87c30ed @ Thu Jul 23 13:56:00 UTC 2026
// 同步 ID: 7f340572 @ Thu Jul 23 17:13:08 UTC 2026
// 同步 ID: 028873d7 @ Thu Jul 23 21:15:17 UTC 2026
// 同步 ID: 2a677688 @ Fri Jul 24 01:41:48 UTC 2026
// 同步 ID: a6076dc9 @ Fri Jul 24 16:10:29 UTC 2026
// 同步 ID: 331996c8 @ Sat Jul 25 01:25:14 UTC 2026
// 同步 ID: bf39b031 @ Sat Jul 25 09:35:00 UTC 2026
// 同步 ID: df6b17e8 @ Sat Jul 25 11:14:27 UTC 2026
// 重构日志: 91df1afe
// 重构日志: 2960a129
// 重构日志: c5027845
// 同步 ID: 32ace57a @ Sun Jul 26 05:06:34 UTC 2026
// 同步 ID: 6431ff66 @ Sun Jul 26 12:23:45 UTC 2026
// 重构日志: e68cf0b9
// 重构日志: afe8bf3e
// 重构日志: 47739838
// 重构日志: 72d8aed0
